// Jest Snapshot v1, https://goo.gl/fbAQLP

exports[`Filter should render correctly 1`] = `
<div>
  <div
    className="ant-card ant-card-bordered"
    style={
      Object {
        "width": "100%",
      }
    }
  >
    <div
      className="ant-card-head"
      style={Object {}}
    >
      <div
        className="ant-card-head-wrapper"
      >
        <div
          className="ant-card-head-title"
        >
          <div
            className="cartTitle"
          >
            <span
              className="ant-calendar-picker"
              onBlur={[Function]}
              onFocus={[Function]}
              onMouseEnter={[Function]}
              onMouseLeave={[Function]}
              style={Object {}}
              tabIndex={0}
            >
              <span
                className="ant-calendar-picker-input ant-input"
                onClick={[Function]}
                onKeyDown={[Function]}
                onMouseDown={[Function]}
                onTouchStart={[Function]}
              >
                <input
                  className="ant-calendar-range-picker-input"
                  placeholder="Start date"
                  readOnly={true}
                  tabIndex={-1}
                  value=""
                />
                <span
                  className="ant-calendar-range-picker-separator"
                >
                   ~ 
                </span>
                <input
                  className="ant-calendar-range-picker-input"
                  placeholder="End date"
                  readOnly={true}
                  tabIndex={-1}
                  value=""
                />
                <i
                  className="anticon anticon-calendar ant-calendar-picker-icon"
                >
                  <svg
                    aria-hidden="true"
                    className=""
                    data-icon="calendar"
                    fill="currentColor"
                    height="1em"
                    viewBox="64 64 896 896"
                    width="1em"
                  >
                    <path
                      d="M880 184H712v-64c0-4.4-3.6-8-8-8h-56c-4.4 0-8 3.6-8 8v64H384v-64c0-4.4-3.6-8-8-8h-56c-4.4 0-8 3.6-8 8v64H144c-17.7 0-32 14.3-32 32v664c0 17.7 14.3 32 32 32h736c17.7 0 32-14.3 32-32V216c0-17.7-14.3-32-32-32zm-40 656H184V460h656v380zM184 392V256h128v48c0 4.4 3.6 8 8 8h56c4.4 0 8-3.6 8-8v-48h256v48c0 4.4 3.6 8 8 8h56c4.4 0 8-3.6 8-8v-48h128v136H184z"
                    />
                  </svg>
                </i>
              </span>
            </span>
            <input
              className="ant-input"
              disabled={false}
              onKeyDown={[Function]}
              style={
                Object {
                  "width": "200px",
                }
              }
              type="text"
            />
            <button
              className="ant-btn ant-btn-primary"
              onClick={[Function]}
              type="button"
            >
              <i
                className="anticon anticon-up"
              >
                <svg
                  aria-hidden="true"
                  className=""
                  data-icon="up"
                  fill="currentColor"
                  height="1em"
                  viewBox="64 64 896 896"
                  width="1em"
                >
                  <path
                    d="M890.5 755.3L537.9 269.2c-12.8-17.6-39-17.6-51.7 0L133.5 755.3A8 8 0 0 0 140 768h75c5.1 0 9.9-2.5 12.9-6.6L512 369.8l284.1 391.6c3 4.1 7.8 6.6 12.9 6.6h75c6.5 0 10.3-7.4 6.5-12.7z"
                  />
                </svg>
              </i>
              <span>
                 Mais Filtros 
              </span>
            </button>
            <button
              className="ant-btn ant-btn-primary"
              onClick={[Function]}
              type="button"
            >
              <span>
                 Limpar Filtros 
              </span>
            </button>
            <button
              className="ant-btn ant-btn-primary"
              onClick={[Function]}
              type="button"
            >
              <span>
                 Pesquisar 
              </span>
            </button>
          </div>
        </div>
      </div>
    </div>
    <div
      className="ant-card-body"
      style={Object {}}
    >
      <div
        className="input-group"
      >
        <label
          className="label-filter"
        >
          Name
           
        </label>
        <input
          className="ant-input"
          disabled={false}
          name="name"
          onKeyDown={[Function]}
          style={
            Object {
              "width": "500px",
            }
          }
          type="text"
        />
      </div>
      <div
        className="input-group"
      >
        <label
          className="label-filter"
        >
          Age
           
        </label>
        <input
          className="ant-input"
          disabled={false}
          name="age"
          onKeyDown={[Function]}
          style={
            Object {
              "width": "200px",
            }
          }
          type="number"
        />
      </div>
      <div
        className="input-group"
      >
        <label
          className="label-filter"
        >
          Gender
           
        </label>
        <input
          className="ant-input"
          disabled={false}
          name="gender"
          onKeyDown={[Function]}
          style={
            Object {
              "width": "200px",
            }
          }
          type="text"
        />
      </div>
    </div>
  </div>
</div>
`;
